mode: atomic
github.com/fabiodrneles/sdd-kit-demo/main.go:23.13,25.2 1 0
github.com/fabiodrneles/sdd-kit-demo/main.go:27.55,31.20 4 0
github.com/fabiodrneles/sdd-kit-demo/main.go:31.20,35.3 3 0
github.com/fabiodrneles/sdd-kit-demo/main.go:36.2,36.39 1 0
github.com/fabiodrneles/sdd-kit-demo/main.go:36.39,37.26 1 0
github.com/fabiodrneles/sdd-kit-demo/main.go:37.26,39.4 1 0
github.com/fabiodrneles/sdd-kit-demo/main.go:40.3,40.19 1 0
github.com/fabiodrneles/sdd-kit-demo/main.go:42.2,42.18 1 0
github.com/fabiodrneles/sdd-kit-demo/main.go:42.18,45.3 2 0
github.com/fabiodrneles/sdd-kit-demo/main.go:46.2,47.21 2 0
github.com/fabiodrneles/sdd-kit-demo/main.go:47.21,49.3 1 0
github.com/fabiodrneles/sdd-kit-demo/main.go:50.2,51.16 2 0
github.com/fabiodrneles/sdd-kit-demo/main.go:51.16,54.3 2 0
github.com/fabiodrneles/sdd-kit-demo/main.go:55.2,56.16 2 0
github.com/fabiodrneles/sdd-kit-demo/main.go:56.16,59.3 2 0
github.com/fabiodrneles/sdd-kit-demo/main.go:60.2,60.29 1 0
github.com/fabiodrneles/sdd-kit-demo/main.go:60.29,62.3 1 0
github.com/fabiodrneles/sdd-kit-demo/main.go:63.2,63.23 1 0
github.com/fabiodrneles/sdd-kit-demo/main.go:63.23,65.3 1 0
github.com/fabiodrneles/sdd-kit-demo/main.go:66.2,66.15 1 0
github.com/fabiodrneles/sdd-kit-demo/internal/check/check.go:25.34,27.2 1 0
github.com/fabiodrneles/sdd-kit-demo/internal/check/check.go:39.46,41.29 2 0
github.com/fabiodrneles/sdd-kit-demo/internal/check/check.go:41.29,43.17 2 0
github.com/fabiodrneles/sdd-kit-demo/internal/check/check.go:43.17,45.4 1 0
github.com/fabiodrneles/sdd-kit-demo/internal/check/check.go:46.3,46.20 1 0
github.com/fabiodrneles/sdd-kit-demo/internal/check/check.go:46.20,48.12 2 0
github.com/fabiodrneles/sdd-kit-demo/internal/check/check.go:50.3,50.82 1 0
github.com/fabiodrneles/sdd-kit-demo/internal/check/check.go:50.82,51.18 1 0
github.com/fabiodrneles/sdd-kit-demo/internal/check/check.go:51.18,53.5 1 0
github.com/fabiodrneles/sdd-kit-demo/internal/check/check.go:54.4,54.55 1 0
github.com/fabiodrneles/sdd-kit-demo/internal/check/check.go:54.55,56.5 1 0
github.com/fabiodrneles/sdd-kit-demo/internal/check/check.go:57.4,57.66 1 0
github.com/fabiodrneles/sdd-kit-demo/internal/check/check.go:57.66,59.5 1 0
github.com/fabiodrneles/sdd-kit-demo/internal/check/check.go:60.4,60.14 1 0
github.com/fabiodrneles/sdd-kit-demo/internal/check/check.go:62.3,62.17 1 0
github.com/fabiodrneles/sdd-kit-demo/internal/check/check.go:62.17,64.4 1 0
github.com/fabiodrneles/sdd-kit-demo/internal/check/check.go:66.2,67.19 2 0
github.com/fabiodrneles/sdd-kit-demo/internal/check/check.go:72.47,74.58 2 0
github.com/fabiodrneles/sdd-kit-demo/internal/check/check.go:74.58,75.33 1 0
github.com/fabiodrneles/sdd-kit-demo/internal/check/check.go:75.33,77.4 1 0
github.com/fabiodrneles/sdd-kit-demo/internal/check/check.go:78.3,79.17 2 0
github.com/fabiodrneles/sdd-kit-demo/internal/check/check.go:79.17,81.4 1 0
github.com/fabiodrneles/sdd-kit-demo/internal/check/check.go:82.3,84.16 3 0
github.com/fabiodrneles/sdd-kit-demo/internal/check/check.go:87.2,88.29 2 0
github.com/fabiodrneles/sdd-kit-demo/internal/check/check.go:88.29,90.17 2 0
github.com/fabiodrneles/sdd-kit-demo/internal/check/check.go:90.17,92.4 1 0
github.com/fabiodrneles/sdd-kit-demo/internal/check/check.go:93.3,93.53 1 0
github.com/fabiodrneles/sdd-kit-demo/internal/check/check.go:93.53,94.60 1 0
github.com/fabiodrneles/sdd-kit-demo/internal/check/check.go:94.60,95.13 1 0
github.com/fabiodrneles/sdd-kit-demo/internal/check/check.go:97.4,99.18 3 0
github.com/fabiodrneles/sdd-kit-demo/internal/check/check.go:99.18,101.5 1 0
github.com/fabiodrneles/sdd-kit-demo/internal/check/check.go:102.4,103.15 2 0
github.com/fabiodrneles/sdd-kit-demo/internal/check/check.go:103.15,104.34 1 0
github.com/fabiodrneles/sdd-kit-demo/internal/check/check.go:104.34,106.6 1 0
github.com/fabiodrneles/sdd-kit-demo/internal/check/check.go:106.11,108.6 1 0
github.com/fabiodrneles/sdd-kit-demo/internal/check/check.go:109.5,109.44 1 0
github.com/fabiodrneles/sdd-kit-demo/internal/check/check.go:109.44,111.14 2 0
github.com/fabiodrneles/sdd-kit-demo/internal/check/check.go:114.4,114.71 1 0
github.com/fabiodrneles/sdd-kit-demo/internal/check/check.go:114.71,115.13 1 0
github.com/fabiodrneles/sdd-kit-demo/internal/check/check.go:117.4,118.18 2 0
github.com/fabiodrneles/sdd-kit-demo/internal/check/check.go:118.18,120.5 1 0
github.com/fabiodrneles/sdd-kit-demo/internal/check/check.go:121.4,122.18 2 0
github.com/fabiodrneles/sdd-kit-demo/internal/check/check.go:122.18,124.5 1 0
github.com/fabiodrneles/sdd-kit-demo/internal/check/check.go:125.4,125.33 1 0
github.com/fabiodrneles/sdd-kit-demo/internal/check/check.go:125.33,127.5 1 0
github.com/fabiodrneles/sdd-kit-demo/internal/check/check.go:130.2,130.49 1 0
github.com/fabiodrneles/sdd-kit-demo/internal/check/check.go:130.49,131.43 1 0
github.com/fabiodrneles/sdd-kit-demo/internal/check/check.go:131.43,133.4 1 0
github.com/fabiodrneles/sdd-kit-demo/internal/check/check.go:134.3,134.45 1 0
github.com/fabiodrneles/sdd-kit-demo/internal/check/check.go:136.2,136.22 1 0
github.com/fabiodrneles/sdd-kit-demo/internal/markdown/markdown.go:25.57,27.52 2 3
github.com/fabiodrneles/sdd-kit-demo/internal/markdown/markdown.go:27.52,29.52 2 23
github.com/fabiodrneles/sdd-kit-demo/internal/markdown/markdown.go:29.52,30.36 1 7
github.com/fabiodrneles/sdd-kit-demo/internal/markdown/markdown.go:31.12,33.13 2 3
github.com/fabiodrneles/sdd-kit-demo/internal/markdown/markdown.go:34.16,36.13 2 3
github.com/fabiodrneles/sdd-kit-demo/internal/markdown/markdown.go:39.3,39.17 1 17
github.com/fabiodrneles/sdd-kit-demo/internal/markdown/markdown.go:39.17,41.4 1 13
github.com/fabiodrneles/sdd-kit-demo/internal/markdown/markdown.go:46.35,48.42 2 2
github.com/fabiodrneles/sdd-kit-demo/internal/markdown/markdown.go:48.42,50.53 2 8
github.com/fabiodrneles/sdd-kit-demo/internal/markdown/markdown.go:50.53,53.4 2 1
github.com/fabiodrneles/sdd-kit-demo/internal/markdown/markdown.go:54.3,54.64 1 7
github.com/fabiodrneles/sdd-kit-demo/internal/markdown/markdown.go:54.64,56.4 1 6
github.com/fabiodrneles/sdd-kit-demo/internal/markdown/markdown.go:58.2,58.12 1 2
github.com/fabiodrneles/sdd-kit-demo/internal/markdown/markdown.go:61.35,63.2 1 7
github.com/fabiodrneles/sdd-kit-demo/internal/markdown/markdown.go:68.46,71.42 3 1
github.com/fabiodrneles/sdd-kit-demo/internal/markdown/markdown.go:71.42,73.15 2 5
github.com/fabiodrneles/sdd-kit-demo/internal/markdown/markdown.go:73.15,75.4 1 1
github.com/fabiodrneles/sdd-kit-demo/internal/markdown/markdown.go:76.3,77.29 2 4
github.com/fabiodrneles/sdd-kit-demo/internal/markdown/markdown.go:77.29,79.4 1 1
github.com/fabiodrneles/sdd-kit-demo/internal/markdown/markdown.go:79.9,81.4 1 3
github.com/fabiodrneles/sdd-kit-demo/internal/markdown/markdown.go:82.3,82.15 1 4
github.com/fabiodrneles/sdd-kit-demo/internal/markdown/markdown.go:84.2,84.16 1 1
github.com/fabiodrneles/sdd-kit-demo/internal/markdown/markdown.go:88.31,89.67 1 4
github.com/fabiodrneles/sdd-kit-demo/internal/markdown/markdown.go:89.67,89.98 1 2
github.com/fabiodrneles/sdd-kit-demo/internal/markdown/markdown.go:90.2,91.61 2 4
github.com/fabiodrneles/sdd-kit-demo/internal/markdown/markdown.go:91.61,92.10 1 49
github.com/fabiodrneles/sdd-kit-demo/internal/markdown/markdown.go:93.74,94.18 1 39
github.com/fabiodrneles/sdd-kit-demo/internal/markdown/markdown.go:95.17,96.20 1 4
github.com/fabiodrneles/sdd-kit-demo/internal/markdown/markdown.go:99.2,99.19 1 4
github.com/fabiodrneles/sdd-kit-demo/internal/markdown/markdown.go:102.25,103.12 1 1
github.com/fabiodrneles/sdd-kit-demo/internal/markdown/markdown.go:103.12,105.3 1 0
github.com/fabiodrneles/sdd-kit-demo/internal/markdown/markdown.go:106.2,107.23 2 1
github.com/fabiodrneles/sdd-kit-demo/internal/markdown/markdown.go:107.23,109.3 1 1
github.com/fabiodrneles/sdd-kit-demo/internal/markdown/markdown.go:110.2,110.18 1 1
github.com/fabiodrneles/sdd-kit-demo/internal/check/check.go:25.34,27.2 1 0
github.com/fabiodrneles/sdd-kit-demo/internal/check/check.go:39.46,41.29 2 0
github.com/fabiodrneles/sdd-kit-demo/internal/check/check.go:41.29,43.17 2 0
github.com/fabiodrneles/sdd-kit-demo/internal/check/check.go:43.17,45.4 1 0
github.com/fabiodrneles/sdd-kit-demo/internal/check/check.go:46.3,46.20 1 0
github.com/fabiodrneles/sdd-kit-demo/internal/check/check.go:46.20,48.12 2 0
github.com/fabiodrneles/sdd-kit-demo/internal/check/check.go:50.3,50.82 1 0
github.com/fabiodrneles/sdd-kit-demo/internal/check/check.go:50.82,51.18 1 0
github.com/fabiodrneles/sdd-kit-demo/internal/check/check.go:51.18,53.5 1 0
github.com/fabiodrneles/sdd-kit-demo/internal/check/check.go:54.4,54.55 1 0
github.com/fabiodrneles/sdd-kit-demo/internal/check/check.go:54.55,56.5 1 0
github.com/fabiodrneles/sdd-kit-demo/internal/check/check.go:57.4,57.66 1 0
github.com/fabiodrneles/sdd-kit-demo/internal/check/check.go:57.66,59.5 1 0
github.com/fabiodrneles/sdd-kit-demo/internal/check/check.go:60.4,60.14 1 0
github.com/fabiodrneles/sdd-kit-demo/internal/check/check.go:62.3,62.17 1 0
github.com/fabiodrneles/sdd-kit-demo/internal/check/check.go:62.17,64.4 1 0
github.com/fabiodrneles/sdd-kit-demo/internal/check/check.go:66.2,67.19 2 0
github.com/fabiodrneles/sdd-kit-demo/internal/check/check.go:72.47,74.58 2 0
github.com/fabiodrneles/sdd-kit-demo/internal/check/check.go:74.58,75.33 1 0
github.com/fabiodrneles/sdd-kit-demo/internal/check/check.go:75.33,77.4 1 0
github.com/fabiodrneles/sdd-kit-demo/internal/check/check.go:78.3,79.17 2 0
github.com/fabiodrneles/sdd-kit-demo/internal/check/check.go:79.17,81.4 1 0
github.com/fabiodrneles/sdd-kit-demo/internal/check/check.go:82.3,84.16 3 0
github.com/fabiodrneles/sdd-kit-demo/internal/check/check.go:87.2,88.29 2 0
github.com/fabiodrneles/sdd-kit-demo/internal/check/check.go:88.29,90.17 2 0
github.com/fabiodrneles/sdd-kit-demo/internal/check/check.go:90.17,92.4 1 0
github.com/fabiodrneles/sdd-kit-demo/internal/check/check.go:93.3,93.53 1 0
github.com/fabiodrneles/sdd-kit-demo/internal/check/check.go:93.53,94.60 1 0
github.com/fabiodrneles/sdd-kit-demo/internal/check/check.go:94.60,95.13 1 0
github.com/fabiodrneles/sdd-kit-demo/internal/check/check.go:97.4,99.18 3 0
github.com/fabiodrneles/sdd-kit-demo/internal/check/check.go:99.18,101.5 1 0
github.com/fabiodrneles/sdd-kit-demo/internal/check/check.go:102.4,103.15 2 0
github.com/fabiodrneles/sdd-kit-demo/internal/check/check.go:103.15,104.34 1 0
github.com/fabiodrneles/sdd-kit-demo/internal/check/check.go:104.34,106.6 1 0
github.com/fabiodrneles/sdd-kit-demo/internal/check/check.go:106.11,108.6 1 0
github.com/fabiodrneles/sdd-kit-demo/internal/check/check.go:109.5,109.44 1 0
github.com/fabiodrneles/sdd-kit-demo/internal/check/check.go:109.44,111.14 2 0
github.com/fabiodrneles/sdd-kit-demo/internal/check/check.go:114.4,114.71 1 0
github.com/fabiodrneles/sdd-kit-demo/internal/check/check.go:114.71,115.13 1 0
github.com/fabiodrneles/sdd-kit-demo/internal/check/check.go:117.4,118.18 2 0
github.com/fabiodrneles/sdd-kit-demo/internal/check/check.go:118.18,120.5 1 0
github.com/fabiodrneles/sdd-kit-demo/internal/check/check.go:121.4,122.18 2 0
github.com/fabiodrneles/sdd-kit-demo/internal/check/check.go:122.18,124.5 1 0
github.com/fabiodrneles/sdd-kit-demo/internal/check/check.go:125.4,125.33 1 0
github.com/fabiodrneles/sdd-kit-demo/internal/check/check.go:125.33,127.5 1 0
github.com/fabiodrneles/sdd-kit-demo/internal/check/check.go:130.2,130.49 1 0
github.com/fabiodrneles/sdd-kit-demo/internal/check/check.go:130.49,131.43 1 0
github.com/fabiodrneles/sdd-kit-demo/internal/check/check.go:131.43,133.4 1 0
github.com/fabiodrneles/sdd-kit-demo/internal/check/check.go:134.3,134.45 1 0
github.com/fabiodrneles/sdd-kit-demo/internal/check/check.go:136.2,136.22 1 0
github.com/fabiodrneles/sdd-kit-demo/main.go:23.13,25.2 1 0
github.com/fabiodrneles/sdd-kit-demo/main.go:27.55,31.20 4 7
github.com/fabiodrneles/sdd-kit-demo/main.go:31.20,35.3 3 1
github.com/fabiodrneles/sdd-kit-demo/main.go:36.2,36.39 1 7
github.com/fabiodrneles/sdd-kit-demo/main.go:36.39,37.26 1 1
github.com/fabiodrneles/sdd-kit-demo/main.go:37.26,39.4 1 0
github.com/fabiodrneles/sdd-kit-demo/main.go:40.3,40.19 1 1
github.com/fabiodrneles/sdd-kit-demo/main.go:42.2,42.18 1 6
github.com/fabiodrneles/sdd-kit-demo/main.go:42.18,45.3 2 0
github.com/fabiodrneles/sdd-kit-demo/main.go:46.2,47.21 2 6
github.com/fabiodrneles/sdd-kit-demo/main.go:47.21,49.3 1 4
github.com/fabiodrneles/sdd-kit-demo/main.go:50.2,51.16 2 6
github.com/fabiodrneles/sdd-kit-demo/main.go:51.16,54.3 2 1
github.com/fabiodrneles/sdd-kit-demo/main.go:55.2,56.16 2 5
github.com/fabiodrneles/sdd-kit-demo/main.go:56.16,59.3 2 0
github.com/fabiodrneles/sdd-kit-demo/main.go:60.2,60.29 1 5
github.com/fabiodrneles/sdd-kit-demo/main.go:60.29,62.3 1 5
github.com/fabiodrneles/sdd-kit-demo/main.go:63.2,63.23 1 5
github.com/fabiodrneles/sdd-kit-demo/main.go:63.23,65.3 1 3
github.com/fabiodrneles/sdd-kit-demo/main.go:66.2,66.15 1 2
github.com/fabiodrneles/sdd-kit-demo/internal/check/check.go:25.34,27.2 1 5
github.com/fabiodrneles/sdd-kit-demo/internal/check/check.go:39.46,41.29 2 6
github.com/fabiodrneles/sdd-kit-demo/internal/check/check.go:41.29,43.17 2 6
github.com/fabiodrneles/sdd-kit-demo/internal/check/check.go:43.17,45.4 1 1
github.com/fabiodrneles/sdd-kit-demo/internal/check/check.go:46.3,46.20 1 5
github.com/fabiodrneles/sdd-kit-demo/internal/check/check.go:46.20,48.12 2 0
github.com/fabiodrneles/sdd-kit-demo/internal/check/check.go:50.3,50.82 1 5
github.com/fabiodrneles/sdd-kit-demo/internal/check/check.go:50.82,51.18 1 18
github.com/fabiodrneles/sdd-kit-demo/internal/check/check.go:51.18,53.5 1 0
github.com/fabiodrneles/sdd-kit-demo/internal/check/check.go:54.4,54.55 1 18
github.com/fabiodrneles/sdd-kit-demo/internal/check/check.go:54.55,56.5 1 2
github.com/fabiodrneles/sdd-kit-demo/internal/check/check.go:57.4,57.66 1 16
github.com/fabiodrneles/sdd-kit-demo/internal/check/check.go:57.66,59.5 1 9
github.com/fabiodrneles/sdd-kit-demo/internal/check/check.go:60.4,60.14 1 16
github.com/fabiodrneles/sdd-kit-demo/internal/check/check.go:62.3,62.17 1 5
github.com/fabiodrneles/sdd-kit-demo/internal/check/check.go:62.17,64.4 1 0
github.com/fabiodrneles/sdd-kit-demo/internal/check/check.go:66.2,67.19 2 5
github.com/fabiodrneles/sdd-kit-demo/internal/check/check.go:72.47,74.58 2 5
github.com/fabiodrneles/sdd-kit-demo/internal/check/check.go:74.58,75.33 1 4
github.com/fabiodrneles/sdd-kit-demo/internal/check/check.go:75.33,77.4 1 1
github.com/fabiodrneles/sdd-kit-demo/internal/check/check.go:78.3,79.17 2 3
github.com/fabiodrneles/sdd-kit-demo/internal/check/check.go:79.17,81.4 1 0
github.com/fabiodrneles/sdd-kit-demo/internal/check/check.go:82.3,84.16 3 3
github.com/fabiodrneles/sdd-kit-demo/internal/check/check.go:87.2,88.29 2 5
github.com/fabiodrneles/sdd-kit-demo/internal/check/check.go:88.29,90.17 2 9
github.com/fabiodrneles/sdd-kit-demo/internal/check/check.go:90.17,92.4 1 0
github.com/fabiodrneles/sdd-kit-demo/internal/check/check.go:93.3,93.53 1 9
github.com/fabiodrneles/sdd-kit-demo/internal/check/check.go:93.53,94.60 1 13
github.com/fabiodrneles/sdd-kit-demo/internal/check/check.go:94.60,95.13 1 2
github.com/fabiodrneles/sdd-kit-demo/internal/check/check.go:97.4,99.18 3 11
github.com/fabiodrneles/sdd-kit-demo/internal/check/check.go:99.18,101.5 1 0
github.com/fabiodrneles/sdd-kit-demo/internal/check/check.go:102.4,103.15 2 11
github.com/fabiodrneles/sdd-kit-demo/internal/check/check.go:103.15,104.34 1 9
github.com/fabiodrneles/sdd-kit-demo/internal/check/check.go:104.34,106.6 1 0
github.com/fabiodrneles/sdd-kit-demo/internal/check/check.go:106.11,108.6 1 9
github.com/fabiodrneles/sdd-kit-demo/internal/check/check.go:109.5,109.44 1 9
github.com/fabiodrneles/sdd-kit-demo/internal/check/check.go:109.44,111.14 2 4
github.com/fabiodrneles/sdd-kit-demo/internal/check/check.go:114.4,114.71 1 7
github.com/fabiodrneles/sdd-kit-demo/internal/check/check.go:114.71,115.13 1 3
github.com/fabiodrneles/sdd-kit-demo/internal/check/check.go:117.4,118.18 2 4
github.com/fabiodrneles/sdd-kit-demo/internal/check/check.go:118.18,120.5 1 0
github.com/fabiodrneles/sdd-kit-demo/internal/check/check.go:121.4,122.18 2 4
github.com/fabiodrneles/sdd-kit-demo/internal/check/check.go:122.18,124.5 1 0
github.com/fabiodrneles/sdd-kit-demo/internal/check/check.go:125.4,125.33 1 4
github.com/fabiodrneles/sdd-kit-demo/internal/check/check.go:125.33,127.5 1 1
github.com/fabiodrneles/sdd-kit-demo/internal/check/check.go:130.2,130.49 1 5
github.com/fabiodrneles/sdd-kit-demo/internal/check/check.go:130.49,131.43 1 2
github.com/fabiodrneles/sdd-kit-demo/internal/check/check.go:131.43,133.4 1 1
github.com/fabiodrneles/sdd-kit-demo/internal/check/check.go:134.3,134.45 1 1
github.com/fabiodrneles/sdd-kit-demo/internal/check/check.go:136.2,136.22 1 5
github.com/fabiodrneles/sdd-kit-demo/internal/markdown/markdown.go:25.57,27.52 2 12
github.com/fabiodrneles/sdd-kit-demo/internal/markdown/markdown.go:27.52,29.52 2 38
github.com/fabiodrneles/sdd-kit-demo/internal/markdown/markdown.go:29.52,30.36 1 0
github.com/fabiodrneles/sdd-kit-demo/internal/markdown/markdown.go:31.12,33.13 2 0
github.com/fabiodrneles/sdd-kit-demo/internal/markdown/markdown.go:34.16,36.13 2 0
github.com/fabiodrneles/sdd-kit-demo/internal/markdown/markdown.go:39.3,39.17 1 38
github.com/fabiodrneles/sdd-kit-demo/internal/markdown/markdown.go:39.17,41.4 1 38
github.com/fabiodrneles/sdd-kit-demo/internal/markdown/markdown.go:46.35,48.42 2 9
github.com/fabiodrneles/sdd-kit-demo/internal/markdown/markdown.go:48.42,50.53 2 26
github.com/fabiodrneles/sdd-kit-demo/internal/markdown/markdown.go:50.53,53.4 2 0
github.com/fabiodrneles/sdd-kit-demo/internal/markdown/markdown.go:54.3,54.64 1 26
github.com/fabiodrneles/sdd-kit-demo/internal/markdown/markdown.go:54.64,56.4 1 13
github.com/fabiodrneles/sdd-kit-demo/internal/markdown/markdown.go:58.2,58.12 1 9
github.com/fabiodrneles/sdd-kit-demo/internal/markdown/markdown.go:61.35,63.2 1 13
github.com/fabiodrneles/sdd-kit-demo/internal/markdown/markdown.go:68.46,71.42 3 3
github.com/fabiodrneles/sdd-kit-demo/internal/markdown/markdown.go:71.42,73.15 2 12
github.com/fabiodrneles/sdd-kit-demo/internal/markdown/markdown.go:73.15,75.4 1 8
github.com/fabiodrneles/sdd-kit-demo/internal/markdown/markdown.go:76.3,77.29 2 4
github.com/fabiodrneles/sdd-kit-demo/internal/markdown/markdown.go:77.29,79.4 1 0
github.com/fabiodrneles/sdd-kit-demo/internal/markdown/markdown.go:79.9,81.4 1 4
github.com/fabiodrneles/sdd-kit-demo/internal/markdown/markdown.go:82.3,82.15 1 4
github.com/fabiodrneles/sdd-kit-demo/internal/markdown/markdown.go:84.2,84.16 1 3
github.com/fabiodrneles/sdd-kit-demo/internal/markdown/markdown.go:88.31,89.67 1 4
github.com/fabiodrneles/sdd-kit-demo/internal/markdown/markdown.go:89.67,89.98 1 0
github.com/fabiodrneles/sdd-kit-demo/internal/markdown/markdown.go:90.2,91.61 2 4
github.com/fabiodrneles/sdd-kit-demo/internal/markdown/markdown.go:91.61,92.10 1 13
github.com/fabiodrneles/sdd-kit-demo/internal/markdown/markdown.go:93.74,94.18 1 13
github.com/fabiodrneles/sdd-kit-demo/internal/markdown/markdown.go:95.17,96.20 1 0
github.com/fabiodrneles/sdd-kit-demo/internal/markdown/markdown.go:99.2,99.19 1 4
github.com/fabiodrneles/sdd-kit-demo/internal/markdown/markdown.go:102.25,103.12 1 0
github.com/fabiodrneles/sdd-kit-demo/internal/markdown/markdown.go:103.12,105.3 1 0
github.com/fabiodrneles/sdd-kit-demo/internal/markdown/markdown.go:106.2,107.23 2 0
github.com/fabiodrneles/sdd-kit-demo/internal/markdown/markdown.go:107.23,109.3 1 0
github.com/fabiodrneles/sdd-kit-demo/internal/markdown/markdown.go:110.2,110.18 1 0
